// Jest Snapshot v1, https://goo.gl/fbAQLP

exports[`when loading a nav bar we have expected props on initial load 1`] = `
Object {
  "hidden": false,
  "progress": 10,
}
`;

exports[`when loading a nav bar we no state 1`] = `Object {}`;

exports[`when loading a nav bar we should have a full initialization 1`] = `
ProgressBar {
  "_reactInternalFiber": FiberNode {
    "_debugHookTypes": null,
    "_debugID": 130,
    "_debugIsCurrentlyTiming": false,
    "_debugNeedsRemount": false,
    "_debugOwner": FiberNode {
      "_debugHookTypes": null,
      "_debugID": 128,
      "_debugIsCurrentlyTiming": false,
      "_debugNeedsRemount": false,
      "_debugOwner": null,
      "_debugSource": null,
      "actualDuration": 0,
      "actualStartTime": -1,
      "alternate": null,
      "child": [Circular],
      "childExpirationTime": 0,
      "dependencies": null,
      "effectTag": 1,
      "elementType": [Function],
      "expirationTime": 0,
      "firstEffect": null,
      "index": 0,
      "key": null,
      "lastEffect": null,
      "memoizedProps": Object {
        "Component": [Function],
        "context": null,
        "props": Object {
          "hidden": false,
          "progress": 10,
        },
        "refProp": null,
        "wrappingComponentProps": null,
      },
      "memoizedState": Object {
        "context": null,
        "mount": true,
        "props": Object {
          "hidden": false,
          "progress": 10,
        },
        "wrappingComponentProps": null,
      },
      "mode": 0,
      "nextEffect": null,
      "pendingProps": Object {
        "Component": [Function],
        "context": null,
        "props": Object {
          "hidden": false,
          "progress": 10,
        },
        "refProp": null,
        "wrappingComponentProps": null,
      },
      "ref": null,
      "return": FiberNode {
        "_debugHookTypes": null,
        "_debugID": 125,
        "_debugIsCurrentlyTiming": false,
        "_debugNeedsRemount": false,
        "_debugOwner": null,
        "_debugSource": null,
        "actualDuration": 0,
        "actualStartTime": -1,
        "alternate": FiberNode {
          "_debugHookTypes": null,
          "_debugID": 125,
          "_debugIsCurrentlyTiming": false,
          "_debugNeedsRemount": false,
          "_debugOwner": null,
          "_debugSource": null,
          "actualDuration": 0,
          "actualStartTime": -1,
          "alternate": [Circular],
          "child": null,
          "childExpirationTime": 0,
          "dependencies": null,
          "effectTag": 0,
          "elementType": null,
          "expirationTime": 1073741823,
          "firstEffect": null,
          "index": 0,
          "key": null,
          "lastEffect": null,
          "memoizedProps": null,
          "memoizedState": null,
          "mode": 0,
          "nextEffect": null,
          "pendingProps": null,
          "ref": null,
          "return": null,
          "selfBaseDuration": 0,
          "sibling": null,
          "stateNode": FiberRootNode {
            "callbackExpirationTime": 0,
            "callbackNode": null,
            "callbackPriority": 90,
            "containerInfo": <div>
              <div
                class="progress"
              >
                <div
                  aria-valuemax="100"
                  aria-valuemin="0"
                  aria-valuenow="10"
                  class="progress-bar progress-bar-striped progress-bar-animated"
                  role="progressbar"
                  style="width: 10%;"
                >
                  10
                  %
                </div>
              </div>
            </div>,
            "context": Object {},
            "current": [Circular],
            "finishedExpirationTime": 0,
            "finishedWork": null,
            "firstPendingTime": 0,
            "firstSuspendedTime": 0,
            "hydrate": false,
            "interactionThreadID": 17,
            "lastExpiredTime": 0,
            "lastPingedTime": 0,
            "lastSuspendedTime": 0,
            "memoizedInteractions": Set {},
            "nextKnownPendingLevel": 0,
            "pendingChildren": null,
            "pendingContext": null,
            "pendingInteractionMap": Map {},
            "pingCache": null,
            "tag": 0,
            "timeoutHandle": -1,
          },
          "tag": 3,
          "treeBaseDuration": 0,
          "type": null,
          "updateQueue": Object {
            "baseState": null,
            "firstCapturedEffect": null,
            "firstCapturedUpdate": null,
            "firstEffect": null,
            "firstUpdate": Object {
              "callback": null,
              "expirationTime": 1073741823,
              "next": null,
              "nextEffect": null,
              "payload": Object {
                "element": <WrapperComponent
                  Component={[Function]}
                  context={null}
                  props={
                    Object {
                      "hidden": false,
                      "progress": 10,
                    }
                  }
                  refProp={null}
                  wrappingComponentProps={null}
                />,
              },
              "priority": 97,
              "suspenseConfig": null,
              "tag": 0,
            },
            "lastCapturedEffect": null,
            "lastCapturedUpdate": null,
            "lastEffect": null,
            "lastUpdate": Object {
              "callback": null,
              "expirationTime": 1073741823,
              "next": null,
              "nextEffect": null,
              "payload": Object {
                "element": <WrapperComponent
                  Component={[Function]}
                  context={null}
                  props={
                    Object {
                      "hidden": false,
                      "progress": 10,
                    }
                  }
                  refProp={null}
                  wrappingComponentProps={null}
                />,
              },
              "priority": 97,
              "suspenseConfig": null,
              "tag": 0,
            },
          },
        },
        "child": [Circular],
        "childExpirationTime": 0,
        "dependencies": null,
        "effectTag": 0,
        "elementType": null,
        "expirationTime": 0,
        "firstEffect": [Circular],
        "index": 0,
        "key": null,
        "lastEffect": [Circular],
        "memoizedProps": null,
        "memoizedState": Object {
          "element": <WrapperComponent
            Component={[Function]}
            context={null}
            props={
              Object {
                "hidden": false,
                "progress": 10,
              }
            }
            refProp={null}
            wrappingComponentProps={null}
          />,
        },
        "mode": 0,
        "nextEffect": null,
        "pendingProps": null,
        "ref": null,
        "return": null,
        "selfBaseDuration": 0,
        "sibling": null,
        "stateNode": FiberRootNode {
          "callbackExpirationTime": 0,
          "callbackNode": null,
          "callbackPriority": 90,
          "containerInfo": <div>
            <div
              class="progress"
            >
              <div
                aria-valuemax="100"
                aria-valuemin="0"
                aria-valuenow="10"
                class="progress-bar progress-bar-striped progress-bar-animated"
                role="progressbar"
                style="width: 10%;"
              >
                10
                %
              </div>
            </div>
          </div>,
          "context": Object {},
          "current": [Circular],
          "finishedExpirationTime": 0,
          "finishedWork": null,
          "firstPendingTime": 0,
          "firstSuspendedTime": 0,
          "hydrate": false,
          "interactionThreadID": 17,
          "lastExpiredTime": 0,
          "lastPingedTime": 0,
          "lastSuspendedTime": 0,
          "memoizedInteractions": Set {},
          "nextKnownPendingLevel": 0,
          "pendingChildren": null,
          "pendingContext": null,
          "pendingInteractionMap": Map {},
          "pingCache": null,
          "tag": 0,
          "timeoutHandle": -1,
        },
        "tag": 3,
        "treeBaseDuration": 0,
        "type": null,
        "updateQueue": Object {
          "baseState": Object {
            "element": <WrapperComponent
              Component={[Function]}
              context={null}
              props={
                Object {
                  "hidden": false,
                  "progress": 10,
                }
              }
              refProp={null}
              wrappingComponentProps={null}
            />,
          },
          "firstCapturedEffect": null,
          "firstCapturedUpdate": null,
          "firstEffect": null,
          "firstUpdate": null,
          "lastCapturedEffect": null,
          "lastCapturedUpdate": null,
          "lastEffect": null,
          "lastUpdate": null,
        },
      },
      "selfBaseDuration": 0,
      "sibling": null,
      "stateNode": WrapperComponent {
        "_reactInternalFiber": [Circular],
        "_reactInternalInstance": Object {},
        "context": Object {},
        "props": Object {
          "Component": [Function],
          "context": null,
          "props": Object {
            "hidden": false,
            "progress": 10,
          },
          "refProp": null,
          "wrappingComponentProps": null,
        },
        "refs": Object {},
        "state": Object {
          "context": null,
          "mount": true,
          "props": Object {
            "hidden": false,
            "progress": 10,
          },
          "wrappingComponentProps": null,
        },
        "updater": Object {
          "enqueueForceUpdate": [Function],
          "enqueueReplaceState": [Function],
          "enqueueSetState": [Function],
          "isMounted": [Function],
        },
      },
      "tag": 1,
      "treeBaseDuration": 0,
      "type": [Function],
      "updateQueue": null,
    },
    "_debugSource": null,
    "actualDuration": 0,
    "actualStartTime": -1,
    "alternate": null,
    "child": FiberNode {
      "_debugHookTypes": null,
      "_debugID": 132,
      "_debugIsCurrentlyTiming": false,
      "_debugNeedsRemount": false,
      "_debugOwner": [Circular],
      "_debugSource": null,
      "actualDuration": 0,
      "actualStartTime": -1,
      "alternate": null,
      "child": FiberNode {
        "_debugHookTypes": null,
        "_debugID": 134,
        "_debugIsCurrentlyTiming": false,
        "_debugNeedsRemount": false,
        "_debugOwner": [Circular],
        "_debugSource": null,
        "actualDuration": 0,
        "actualStartTime": -1,
        "alternate": null,
        "child": FiberNode {
          "_debugHookTypes": null,
          "_debugID": 136,
          "_debugIsCurrentlyTiming": false,
          "_debugNeedsRemount": false,
          "_debugOwner": null,
          "_debugSource": null,
          "actualDuration": 0,
          "actualStartTime": -1,
          "alternate": null,
          "child": null,
          "childExpirationTime": 0,
          "dependencies": null,
          "effectTag": 0,
          "elementType": null,
          "expirationTime": 0,
          "firstEffect": null,
          "index": 0,
          "key": null,
          "lastEffect": null,
          "memoizedProps": "10",
          "memoizedState": null,
          "mode": 0,
          "nextEffect": null,
          "pendingProps": "10",
          "ref": null,
          "return": [Circular],
          "selfBaseDuration": 0,
          "sibling": FiberNode {
            "_debugHookTypes": null,
            "_debugID": 137,
            "_debugIsCurrentlyTiming": false,
            "_debugNeedsRemount": false,
            "_debugOwner": null,
            "_debugSource": null,
            "actualDuration": 0,
            "actualStartTime": -1,
            "alternate": null,
            "child": null,
            "childExpirationTime": 0,
            "dependencies": null,
            "effectTag": 0,
            "elementType": null,
            "expirationTime": 0,
            "firstEffect": null,
            "index": 1,
            "key": null,
            "lastEffect": null,
            "memoizedProps": "%",
            "memoizedState": null,
            "mode": 0,
            "nextEffect": null,
            "pendingProps": "%",
            "ref": null,
            "return": [Circular],
            "selfBaseDuration": 0,
            "sibling": null,
            "stateNode": %,
            "tag": 6,
            "treeBaseDuration": 0,
            "type": null,
            "updateQueue": null,
          },
          "stateNode": 10,
          "tag": 6,
          "treeBaseDuration": 0,
          "type": null,
          "updateQueue": null,
        },
        "childExpirationTime": 0,
        "dependencies": null,
        "effectTag": 0,
        "elementType": "div",
        "expirationTime": 0,
        "firstEffect": null,
        "index": 0,
        "key": null,
        "lastEffect": null,
        "memoizedProps": Object {
          "aria-valuemax": 100,
          "aria-valuemin": 0,
          "aria-valuenow": 10,
          "children": Array [
            10,
            "%",
          ],
          "className": "progress-bar progress-bar-striped progress-bar-animated",
          "role": "progressbar",
          "style": Object {
            "width": "10%",
          },
        },
        "memoizedState": null,
        "mode": 0,
        "nextEffect": null,
        "pendingProps": Object {
          "aria-valuemax": 100,
          "aria-valuemin": 0,
          "aria-valuenow": 10,
          "children": Array [
            10,
            "%",
          ],
          "className": "progress-bar progress-bar-striped progress-bar-animated",
          "role": "progressbar",
          "style": Object {
            "width": "10%",
          },
        },
        "ref": null,
        "return": [Circular],
        "selfBaseDuration": 0,
        "sibling": null,
        "stateNode": <div
          aria-valuemax="100"
          aria-valuemin="0"
          aria-valuenow="10"
          class="progress-bar progress-bar-striped progress-bar-animated"
          role="progressbar"
          style="width: 10%;"
        >
          10
          %
        </div>,
        "tag": 5,
        "treeBaseDuration": 0,
        "type": "div",
        "updateQueue": null,
      },
      "childExpirationTime": 0,
      "dependencies": null,
      "effectTag": 0,
      "elementType": "div",
      "expirationTime": 0,
      "firstEffect": null,
      "index": 0,
      "key": null,
      "lastEffect": null,
      "memoizedProps": Object {
        "children": <div
          aria-valuemax={100}
          aria-valuemin={0}
          aria-valuenow={10}
          className="progress-bar progress-bar-striped progress-bar-animated"
          role="progressbar"
          style={
            Object {
              "width": "10%",
            }
          }
        >
          10
          %
        </div>,
        "className": "progress",
      },
      "memoizedState": null,
      "mode": 0,
      "nextEffect": null,
      "pendingProps": Object {
        "children": <div
          aria-valuemax={100}
          aria-valuemin={0}
          aria-valuenow={10}
          className="progress-bar progress-bar-striped progress-bar-animated"
          role="progressbar"
          style={
            Object {
              "width": "10%",
            }
          }
        >
          10
          %
        </div>,
        "className": "progress",
      },
      "ref": null,
      "return": [Circular],
      "selfBaseDuration": 0,
      "sibling": null,
      "stateNode": <div
        class="progress"
      >
        <div
          aria-valuemax="100"
          aria-valuemin="0"
          aria-valuenow="10"
          class="progress-bar progress-bar-striped progress-bar-animated"
          role="progressbar"
          style="width: 10%;"
        >
          10
          %
        </div>
      </div>,
      "tag": 5,
      "treeBaseDuration": 0,
      "type": "div",
      "updateQueue": null,
    },
    "childExpirationTime": 0,
    "dependencies": null,
    "effectTag": 1,
    "elementType": [Function],
    "expirationTime": 0,
    "firstEffect": null,
    "index": 0,
    "key": null,
    "lastEffect": null,
    "memoizedProps": Object {
      "hidden": false,
      "progress": 10,
    },
    "memoizedState": Object {},
    "mode": 0,
    "nextEffect": null,
    "pendingProps": Object {
      "hidden": false,
      "progress": 10,
    },
    "ref": null,
    "return": FiberNode {
      "_debugHookTypes": null,
      "_debugID": 128,
      "_debugIsCurrentlyTiming": false,
      "_debugNeedsRemount": false,
      "_debugOwner": null,
      "_debugSource": null,
      "actualDuration": 0,
      "actualStartTime": -1,
      "alternate": null,
      "child": [Circular],
      "childExpirationTime": 0,
      "dependencies": null,
      "effectTag": 1,
      "elementType": [Function],
      "expirationTime": 0,
      "firstEffect": null,
      "index": 0,
      "key": null,
      "lastEffect": null,
      "memoizedProps": Object {
        "Component": [Function],
        "context": null,
        "props": Object {
          "hidden": false,
          "progress": 10,
        },
        "refProp": null,
        "wrappingComponentProps": null,
      },
      "memoizedState": Object {
        "context": null,
        "mount": true,
        "props": Object {
          "hidden": false,
          "progress": 10,
        },
        "wrappingComponentProps": null,
      },
      "mode": 0,
      "nextEffect": null,
      "pendingProps": Object {
        "Component": [Function],
        "context": null,
        "props": Object {
          "hidden": false,
          "progress": 10,
        },
        "refProp": null,
        "wrappingComponentProps": null,
      },
      "ref": null,
      "return": FiberNode {
        "_debugHookTypes": null,
        "_debugID": 125,
        "_debugIsCurrentlyTiming": false,
        "_debugNeedsRemount": false,
        "_debugOwner": null,
        "_debugSource": null,
        "actualDuration": 0,
        "actualStartTime": -1,
        "alternate": FiberNode {
          "_debugHookTypes": null,
          "_debugID": 125,
          "_debugIsCurrentlyTiming": false,
          "_debugNeedsRemount": false,
          "_debugOwner": null,
          "_debugSource": null,
          "actualDuration": 0,
          "actualStartTime": -1,
          "alternate": [Circular],
          "child": null,
          "childExpirationTime": 0,
          "dependencies": null,
          "effectTag": 0,
          "elementType": null,
          "expirationTime": 1073741823,
          "firstEffect": null,
          "index": 0,
          "key": null,
          "lastEffect": null,
          "memoizedProps": null,
          "memoizedState": null,
          "mode": 0,
          "nextEffect": null,
          "pendingProps": null,
          "ref": null,
          "return": null,
          "selfBaseDuration": 0,
          "sibling": null,
          "stateNode": FiberRootNode {
            "callbackExpirationTime": 0,
            "callbackNode": null,
            "callbackPriority": 90,
            "containerInfo": <div>
              <div
                class="progress"
              >
                <div
                  aria-valuemax="100"
                  aria-valuemin="0"
                  aria-valuenow="10"
                  class="progress-bar progress-bar-striped progress-bar-animated"
                  role="progressbar"
                  style="width: 10%;"
                >
                  10
                  %
                </div>
              </div>
            </div>,
            "context": Object {},
            "current": [Circular],
            "finishedExpirationTime": 0,
            "finishedWork": null,
            "firstPendingTime": 0,
            "firstSuspendedTime": 0,
            "hydrate": false,
            "interactionThreadID": 17,
            "lastExpiredTime": 0,
            "lastPingedTime": 0,
            "lastSuspendedTime": 0,
            "memoizedInteractions": Set {},
            "nextKnownPendingLevel": 0,
            "pendingChildren": null,
            "pendingContext": null,
            "pendingInteractionMap": Map {},
            "pingCache": null,
            "tag": 0,
            "timeoutHandle": -1,
          },
          "tag": 3,
          "treeBaseDuration": 0,
          "type": null,
          "updateQueue": Object {
            "baseState": null,
            "firstCapturedEffect": null,
            "firstCapturedUpdate": null,
            "firstEffect": null,
            "firstUpdate": Object {
              "callback": null,
              "expirationTime": 1073741823,
              "next": null,
              "nextEffect": null,
              "payload": Object {
                "element": <WrapperComponent
                  Component={[Function]}
                  context={null}
                  props={
                    Object {
                      "hidden": false,
                      "progress": 10,
                    }
                  }
                  refProp={null}
                  wrappingComponentProps={null}
                />,
              },
              "priority": 97,
              "suspenseConfig": null,
              "tag": 0,
            },
            "lastCapturedEffect": null,
            "lastCapturedUpdate": null,
            "lastEffect": null,
            "lastUpdate": Object {
              "callback": null,
              "expirationTime": 1073741823,
              "next": null,
              "nextEffect": null,
              "payload": Object {
                "element": <WrapperComponent
                  Component={[Function]}
                  context={null}
                  props={
                    Object {
                      "hidden": false,
                      "progress": 10,
                    }
                  }
                  refProp={null}
                  wrappingComponentProps={null}
                />,
              },
              "priority": 97,
              "suspenseConfig": null,
              "tag": 0,
            },
          },
        },
        "child": [Circular],
        "childExpirationTime": 0,
        "dependencies": null,
        "effectTag": 0,
        "elementType": null,
        "expirationTime": 0,
        "firstEffect": [Circular],
        "index": 0,
        "key": null,
        "lastEffect": [Circular],
        "memoizedProps": null,
        "memoizedState": Object {
          "element": <WrapperComponent
            Component={[Function]}
            context={null}
            props={
              Object {
                "hidden": false,
                "progress": 10,
              }
            }
            refProp={null}
            wrappingComponentProps={null}
          />,
        },
        "mode": 0,
        "nextEffect": null,
        "pendingProps": null,
        "ref": null,
        "return": null,
        "selfBaseDuration": 0,
        "sibling": null,
        "stateNode": FiberRootNode {
          "callbackExpirationTime": 0,
          "callbackNode": null,
          "callbackPriority": 90,
          "containerInfo": <div>
            <div
              class="progress"
            >
              <div
                aria-valuemax="100"
                aria-valuemin="0"
                aria-valuenow="10"
                class="progress-bar progress-bar-striped progress-bar-animated"
                role="progressbar"
                style="width: 10%;"
              >
                10
                %
              </div>
            </div>
          </div>,
          "context": Object {},
          "current": [Circular],
          "finishedExpirationTime": 0,
          "finishedWork": null,
          "firstPendingTime": 0,
          "firstSuspendedTime": 0,
          "hydrate": false,
          "interactionThreadID": 17,
          "lastExpiredTime": 0,
          "lastPingedTime": 0,
          "lastSuspendedTime": 0,
          "memoizedInteractions": Set {},
          "nextKnownPendingLevel": 0,
          "pendingChildren": null,
          "pendingContext": null,
          "pendingInteractionMap": Map {},
          "pingCache": null,
          "tag": 0,
          "timeoutHandle": -1,
        },
        "tag": 3,
        "treeBaseDuration": 0,
        "type": null,
        "updateQueue": Object {
          "baseState": Object {
            "element": <WrapperComponent
              Component={[Function]}
              context={null}
              props={
                Object {
                  "hidden": false,
                  "progress": 10,
                }
              }
              refProp={null}
              wrappingComponentProps={null}
            />,
          },
          "firstCapturedEffect": null,
          "firstCapturedUpdate": null,
          "firstEffect": null,
          "firstUpdate": null,
          "lastCapturedEffect": null,
          "lastCapturedUpdate": null,
          "lastEffect": null,
          "lastUpdate": null,
        },
      },
      "selfBaseDuration": 0,
      "sibling": null,
      "stateNode": WrapperComponent {
        "_reactInternalFiber": [Circular],
        "_reactInternalInstance": Object {},
        "context": Object {},
        "props": Object {
          "Component": [Function],
          "context": null,
          "props": Object {
            "hidden": false,
            "progress": 10,
          },
          "refProp": null,
          "wrappingComponentProps": null,
        },
        "refs": Object {},
        "state": Object {
          "context": null,
          "mount": true,
          "props": Object {
            "hidden": false,
            "progress": 10,
          },
          "wrappingComponentProps": null,
        },
        "updater": Object {
          "enqueueForceUpdate": [Function],
          "enqueueReplaceState": [Function],
          "enqueueSetState": [Function],
          "isMounted": [Function],
        },
      },
      "tag": 1,
      "treeBaseDuration": 0,
      "type": [Function],
      "updateQueue": null,
    },
    "selfBaseDuration": 0,
    "sibling": null,
    "stateNode": [Circular],
    "tag": 1,
    "treeBaseDuration": 0,
    "type": [Function],
    "updateQueue": null,
  },
  "_reactInternalInstance": Object {},
  "context": Object {},
  "props": Object {
    "hidden": false,
    "progress": 10,
  },
  "refs": Object {},
  "state": Object {},
  "updater": Object {
    "enqueueForceUpdate": [Function],
    "enqueueReplaceState": [Function],
    "enqueueSetState": [Function],
    "isMounted": [Function],
  },
}
`;
