// Jest Snapshot v1, https://goo.gl/fbAQLP

exports[`when loading a bad marking the UnrecognizedMarkingWarning we have no props on initial load 1`] = `Object {}`;

exports[`when loading a bad marking the UnrecognizedMarkingWarning we no state 1`] = `Object {}`;

exports[`when loading a bad marking the UnrecognizedMarkingWarning we should have a full initialization 1`] = `
<Spinner>
  <div
    className="d-flex justify-content-center mt-4"
  >
    <div
      className="spinner-border"
      role="status"
    >
      <span
        className="sr-only"
      >
        Loading...
      </span>
    </div>
  </div>
</Spinner>
`;
