// Jest Snapshot v1, https://goo.gl/fbAQLP

exports[`when loading a bad marking the UnrecognizedMarkingWarning we have expected props on initial load 1`] = `
Object {
  "marking": "empty",
  "project_id": "1234",
  "warning_element": Object {
    "setAttribute": [MockFunction],
  },
}
`;

exports[`when loading a bad marking the UnrecognizedMarkingWarning we no state 1`] = `Object {}`;

exports[`when loading a bad marking the UnrecognizedMarkingWarning we should have a full initialization 1`] = `
<UnrecognizedMarkingWarning
  marking="empty"
  project_id="1234"
  warning_element={
    Object {
      "setAttribute": [MockFunction],
    }
  }
>
  <div
    className="card mt-5 mx-5"
  >
    <div
      className="card-header bg-warning text-center"
    >
      <h4
        className="card-title mb-0"
      >
        Unrecognized Marking
      </h4>
    </div>
    <div
      className="card-body bg-light text-center"
    >
      <p
        className="card-text"
      >
        This model has a marking that is not recognized.
      </p>
      <p
        className="mb-0"
      >
        <code>
          empty
        </code>
      </p>
    </div>
    <ul
      className="list-group list-group-flush"
    >
      <li
        className="list-group-item pb-3"
      >
        <h5>
          Edit Marking to Display Model
        </h5>
        <p>
          If you wish to edit this model's marking and then display it:
        </p>
        <ol
          className="mb-4"
        >
          <li>
            Click the 
            <strong
              className="text-nowrap"
            >
              Edit
            </strong>
             dropdown button at the top of the page.
          </li>
          <li>
            Select 
            <strong
              className="text-nowrap"
            >
              Model Name & Info
            </strong>
            .
          </li>
          <li>
            Choose a new marking.
          </li>
          <li>
            Click the 
            <strong
              className="text-nowrap"
            >
              Save Changes
            </strong>
             button.
          </li>
        </ol>
        <div
          className="alert alert-warning mb-0"
          role="alert"
        >
          The model will display immediately after you choose the new marking and click the 
          <strong
            className="text-nowrap"
          >
            Save Changes
          </strong>
           button.
        </div>
      </li>
      <li
        className="list-group-item pb-3"
      >
        <a
          href="/projects/1234"
        >
          ‚Üê Go back to project
        </a>
      </li>
    </ul>
  </div>
</UnrecognizedMarkingWarning>
`;
